// Vitest Snapshot v1, https://vitest.dev/guide/snapshot.html

exports[`statusList2021CredentialSchema > should throw an error when asserting an invalid objet 1`] = `
"{
  \\"id\\": \\"https://example.net/creds/1\\",
  \\"issuer\\": \\"did:ebsi:example\\",
  \\"issued\\": \\"2021-04-05T14:27:40Z\\",
  \\"issuanceDate\\": \\"2021-04-05T14:27:40Z\\",
  \\"validFrom\\": \\"2021-04-05T14:27:40Z\\",
  \\"credentialSubject\\": {
    \\"id\\": \\"https://example.net/creds/1#list\\",
    \\"type\\": \\"StatusList2021\\",
    \\"encodedList\\": \\"H4sIAAAAAAAAA-3BMQEAAADCoPVPbQwfoAAAAAAAAAAAAAAAAAAAAIC3AYbSVKsAQAAA\\",
    \\"statusPurpose\\" [31m[4][0m: \\"invalid\\"
  },
  \\"credentialSchema\\": {
    \\"id\\": \\"https://example.net\\",
    \\"type\\": \\"FullJsonSchemaValidator2021\\"
  },
  \\"type\\" [31m[3][0m: [
    \\"VerifiableAttestation\\", [31m[2][0m
    \\"VerifiableCredential\\"
  ],
  \\"@context\\" [31m[1][0m: [
    \\"https://www.w3.org/2018/credentials/v1\\"
  ]
}
[31m
[1] \\"@context\\" does not contain 1 required value(s)
[2] \\"type[0]\\" must be [VerifiableCredential]
[3] \\"type\\" does not contain 1 required value(s)
[4] \\"credentialSubject.statusPurpose\\" must be one of [revocation, suspension][0m"
`;
